// Jest Snapshot v1, https://goo.gl/fbAQLP

exports[`Renderizar correctamente 1`] = `
<div
  className="card animate__animated animate__fadeIn"
>
  <img
    alt="un titulo"
    src="https://localhost/"
  />
  <p>
    un titulo
  </p>
</div>
`;
